// Jest Snapshot v1, https://goo.gl/fbAQLP

exports[`<App /> renders how we expect 1`] = `
<div>
  <div
    class="container"
  >
    <img
      alt="a spinning paw-print"
      class="spinner"
      src="/images/paw.png"
    />
    <h2>
      Doggos
    </h2>
    <div
      class="dog-wrapper"
    >
      <div
        class="dog"
      >
        <div
          class="dog-name-plate"
        >
          <span
            class="dog-name"
          >
            Fido
          </span>
          <span
            class="dog-breed"
          >
            Bulldog
          </span>
        </div>
        <span
          class="dog-superpower"
        >
          plays fetch
        </span>
        <img
          alt="a Bulldog"
          src="/images/bulldog.png"
        />
      </div>
    </div>
    <div
      class="dog-wrapper"
    >
      <div
        class="dog"
      >
        <div
          class="dog-name-plate"
        >
          <span
            class="dog-name"
          >
            Bruce
          </span>
          <span
            class="dog-breed"
          >
            Dachshund
          </span>
        </div>
        <span
          class="dog-superpower"
        >
          barks
        </span>
        <img
          alt="a Dachshund"
          src="/images/dachshund.png"
        />
      </div>
    </div>
  </div>
</div>
`;
