// Vitest Snapshot v1, https://vitest.dev/guide/snapshot.html

exports[`<App /> > renders a board 1`] = `
<div
  class="tiles"
  data-testid="Board"
>
  <button
    class="tile"
  />
  <button
    class="tile"
  />
  <button
    class="tile"
  />
  <button
    class="tile"
  />
  <button
    class="tile"
  />
  <button
    class="tile"
  />
  <button
    class="tile"
  />
  <button
    class="tile"
  />
  <button
    class="tile"
  />
  <button
    class="tile"
  />
  <button
    class="tile"
  />
  <button
    class="tile"
  />
  <button
    class="tile"
  />
  <button
    class="tile"
  />
  <button
    class="tile"
  />
  <button
    class="tile"
  />
</div>
`;
